---
source: example/src/words.rs
expression: "grammar::parse(\"if hello\", None)"
---
Ok(
    (
        Words {
            _keyword: (),
            _word: "hello",
        },
        EditTree,
    ),
)
